Archive member included because of file (symbol)

c:/program files (x86)/codesourcery/sourcery_codebench_lite_for_arm_eabi/bin/../lib/gcc/arm-none-eabi/4.7.2/../../../../arm-none-eabi/lib/thumb2\libc.a(lib_a-init.o)
                              ./src/startup_stm32f4xx.o (__libc_init_array)

Allocating common symbols
Common symbol       size              file

watering_delete     0x1c              ./src/main.o
watering_prcess2    0x1c              ./src/main.o
menu_outputs_off    0x1c              ./src/main.o
menu_first          0x4               ./src/main.o
datechanger_i       0x1               ./src/main.o
menu_outputs_off1   0x1c              ./src/main.o
watering_function   0x1               ./src/main.o
watering_channel    0x2               ./src/main.o
menu_outputs_off8   0x1c              ./src/main.o
watering_new        0x1c              ./src/main.o
watering_temp       0x66              ./src/main.o
menu_special_function
                    0x1               ./src/main.o
alarm_temp          0x4               ./src/main.o
menu_outputs_on10   0x1c              ./src/main.o
watering_process2   0x6               ./src/main.o
limit_swich_counter
                    0x4               ./src/stm32f4xx_it.o
watering_lenght     0x3               ./src/main.o
menu_outputs_off4   0x1c              ./src/main.o
day_counter         0x4               ./src/main.o
watering_temporary  0x4               ./src/main.o
menu_outputs_on4    0x1c              ./src/main.o
menu_ingyen_sor     0x1c              ./src/main.o
menu_outputs_on7    0x1c              ./src/main.o
menu_level_first    0x8c              ./src/main.o
RTC_AlarmStructure  0x10              ./src/main.o
menu_time0          0x1c              ./src/main.o
menu_outputs_on2    0x1c              ./src/main.o
menu_MENU           0x1c              ./src/main.o
watering_i          0x1               ./src/main.o
temp                0x11              ./src/main.o
menu_outputs_off6   0x1c              ./src/main.o
menu_outputs_off0   0x1c              ./src/main.o
datechanger_function
                    0x1               ./src/main.o
menu_outputs_on     0x1c              ./src/main.o
menu_ontozes        0x1c              ./src/main.o
watering_prcess1    0x1c              ./src/main.o
ADCConvertedValues  0x48              ./Application/Module/Timers/Timers.o
menu_temporary2     0x4               ./src/main.o
menu_level_current  0x8c              ./src/main.o
pump_counter        0x4               ./src/stm32f4xx_it.o
menu_outputs_on0    0x1c              ./src/main.o
menu_time           0x1c              ./src/main.o
watering_settings_0
                    0x1c              ./src/main.o
watering            0x118             ./src/main.o
menu_current        0x4               ./src/main.o
menu_outputs_off7   0x1c              ./src/main.o
menu_outputs_on8    0x1c              ./src/main.o
aADCDualConvertedValue
                    0x14              ./Application/Module/TempMeasurement/ADC_Driver.o
menu_outputs_on5    0x1c              ./src/main.o
menu_date           0x1c              ./src/main.o
display_fill_menu_temporary
                    0x1c              ./src/lcd.o
menu_outputs_off5   0x1c              ./src/main.o
menu_outputs_off9   0x1c              ./src/main.o
watering_temporary2
                    0x4               ./src/main.o
datechanger_date    0x9               ./src/main.o
watproc1_text       0x6               ./src/main.o
GPIO_InitStructure  0x8               ./src/lcd.o
menu_level          0x1               ./src/main.o
RTC_InitStructure   0xc               ./src/rtc.o
menu_temporary      0x4               ./src/main.o
watering_current    0x4               ./src/main.o
watering_edit       0x1c              ./src/main.o
watering_j          0x1               ./src/main.o
menu_outputs_on3    0x1c              ./src/main.o
menu_utkozes        0x1c              ./src/main.o
NVIC_InitStructure  0x4               ./src/stm32f4_discovery.o
menu_outputs_off3   0x1c              ./src/main.o
menu_outputs_off10  0x1c              ./src/main.o
menu_outputs_on6    0x1c              ./src/main.o
menu_outputs_on1    0x1c              ./src/main.o
menu_current_time   0x1c              ./src/main.o
menu_temporary3     0x4               ./src/main.o
datechanger_temp    0x1               ./src/main.o
menu_outputs_on9    0x1c              ./src/main.o
menu_outputs_off2   0x1c              ./src/main.o

Discarded input sections

 .text          0x00000000        0x0 c:/program files (x86)/codesourcery/sourcery_codebench_lite_for_arm_eabi/bin/../lib/gcc/arm-none-eabi/4.7.2/thumb2/crti.o
 .data          0x00000000        0x0 c:/program files (x86)/codesourcery/sourcery_codebench_lite_for_arm_eabi/bin/../lib/gcc/arm-none-eabi/4.7.2/thumb2/crti.o
 .bss           0x00000000        0x0 c:/program files (x86)/codesourcery/sourcery_codebench_lite_for_arm_eabi/bin/../lib/gcc/arm-none-eabi/4.7.2/thumb2/crti.o
[...]
Memory Configuration

Name             Origin             Length             Attributes
FLASH            0x08000000         0x00100000         xr
RAM              0x20000000         0x00020000         xrw
MEMORY_B1        0x60000000         0x00000000         xr
*default*        0x00000000         0xffffffff

Linker script and memory map

LOAD c:/program files (x86)/codesourcery/sourcery_codebench_lite_for_arm_eabi/bin/../lib/gcc/arm-none-eabi/4.7.2/thumb2/crti.o
LOAD c:/program files (x86)/codesourcery/sourcery_codebench_lite_for_arm_eabi/bin/../lib/gcc/arm-none-eabi/4.7.2/thumb2/crtbegin.o
LOAD ./src/inputs.o
LOAD ./src/lcd.o
LOAD ./src/main.o
LOAD ./src/outputs.o
LOAD ./src/rtc.o
LOAD ./src/startup_stm32f4xx.o
LOAD ./src/stm32f4_discovery.o
LOAD ./src/stm32f4xx_it.o
LOAD ./src/system_stm32f4xx.o
LOAD ./Libraries/STM32F4xx_StdPeriph_Driver/src/misc.o
LOAD ./Libraries/STM32F4xx_StdPeriph_Driver/src/stm32f4xx_adc.o
LOAD ./Libraries/STM32F4xx_StdPeriph_Driver/src/stm32f4xx_can.o
LOAD ./Libraries/STM32F4xx_StdPeriph_Driver/src/stm32f4xx_crc.o
LOAD ./Libraries/STM32F4xx_StdPeriph_Driver/src/stm32f4xx_cryp.o
LOAD ./Libraries/STM32F4xx_StdPeriph_Driver/src/stm32f4xx_cryp_aes.o
LOAD ./Libraries/STM32F4xx_StdPeriph_Driver/src/stm32f4xx_cryp_des.o
LOAD ./Libraries/STM32F4xx_StdPeriph_Driver/src/stm32f4xx_cryp_tdes.o
LOAD ./Libraries/STM32F4xx_StdPeriph_Driver/src/stm32f4xx_dac.o
LOAD ./Libraries/STM32F4xx_StdPeriph_Driver/src/stm32f4xx_dbgmcu.o
LOAD ./Libraries/STM32F4xx_StdPeriph_Driver/src/stm32f4xx_dcmi.o
LOAD ./Libraries/STM32F4xx_StdPeriph_Driver/src/stm32f4xx_dma.o
LOAD ./Libraries/STM32F4xx_StdPeriph_Driver/src/stm32f4xx_exti.o
LOAD ./Libraries/STM32F4xx_StdPeriph_Driver/src/stm32f4xx_flash.o
LOAD ./Libraries/STM32F4xx_StdPeriph_Driver/src/stm32f4xx_fsmc.o
LOAD ./Libraries/STM32F4xx_StdPeriph_Driver/src/stm32f4xx_gpio.o
LOAD ./Libraries/STM32F4xx_StdPeriph_Driver/src/stm32f4xx_hash.o
LOAD ./Libraries/STM32F4xx_StdPeriph_Driver/src/stm32f4xx_hash_md5.o
LOAD ./Libraries/STM32F4xx_StdPeriph_Driver/src/stm32f4xx_hash_sha1.o
LOAD ./Libraries/STM32F4xx_StdPeriph_Driver/src/stm32f4xx_i2c.o
LOAD ./Libraries/STM32F4xx_StdPeriph_Driver/src/stm32f4xx_iwdg.o
LOAD ./Libraries/STM32F4xx_StdPeriph_Driver/src/stm32f4xx_pwr.o
LOAD ./Libraries/STM32F4xx_StdPeriph_Driver/src/stm32f4xx_rcc.o
LOAD ./Libraries/STM32F4xx_StdPeriph_Driver/src/stm32f4xx_rng.o
LOAD ./Libraries/STM32F4xx_StdPeriph_Driver/src/stm32f4xx_rtc.o
LOAD ./Libraries/STM32F4xx_StdPeriph_Driver/src/stm32f4xx_sdio.o
LOAD ./Libraries/STM32F4xx_StdPeriph_Driver/src/stm32f4xx_spi.o
LOAD ./Libraries/STM32F4xx_StdPeriph_Driver/src/stm32f4xx_syscfg.o
LOAD ./Libraries/STM32F4xx_StdPeriph_Driver/src/stm32f4xx_tim.o
LOAD ./Libraries/STM32F4xx_StdPeriph_Driver/src/stm32f4xx_usart.o
LOAD ./Libraries/STM32F4xx_StdPeriph_Driver/src/stm32f4xx_wwdg.o
LOAD ./Application/Module/Timers/Timers.o
LOAD ./Application/Module/TempMeasurement/ADC_Driver.o
LOAD ./Application/Module/Flash/Flash.o
START GROUP
LOAD c:/program files (x86)/codesourcery/sourcery_codebench_lite_for_arm_eabi/bin/../lib/gcc/arm-none-eabi/4.7.2/thumb2\libgcc.a
LOAD c:/program files (x86)/codesourcery/sourcery_codebench_lite_for_arm_eabi/bin/../lib/gcc/arm-none-eabi/4.7.2/../../../../arm-none-eabi/lib/thumb2\libc.a
END GROUP
LOAD c:/program files (x86)/codesourcery/sourcery_codebench_lite_for_arm_eabi/bin/../lib/gcc/arm-none-eabi/4.7.2/thumb2/crtend.o
LOAD c:/program files (x86)/codesourcery/sourcery_codebench_lite_for_arm_eabi/bin/../lib/gcc/arm-none-eabi/4.7.2/thumb2/crtn.o
                0x20020000                _estack = 0x20020000
                0x00000000                _Min_Heap_Size = 0x0
                0x00000400                _Min_Stack_Size = 0x400

.isr_vector     0x08000000      0x188
                0x08000000                . = ALIGN (0x4)
 *(.isr_vector)
 .isr_vector    0x08000000      0x188 ./src/startup_stm32f4xx.o
                0x08000000                g_pfnVectors
                0x08000188                . = ALIGN (0x4)

.text           0x08000188     0xcfa0
                0x08000188                . = ALIGN (0x4)
 *(.text)
 .text          0x08000188       0xc8 c:/program files (x86)/codesourcery/sourcery_codebench_lite_for_arm_eabi/bin/../lib/gcc/arm-none-eabi/4.7.2/thumb2/crtbegin.o
 .text          0x08000250      0x228 ./src/inputs.o
                0x08000250                Inputs_Init
 .text          0x08000478      0x9ec ./src/lcd.o
                0x08000478                __delay_cycles
                0x080004b8                PulseLcm
                0x08000500                SendByte
                0x080005ac                ReceiveStatus
                0x080006c4                Cursor
                0x08000734                ClearLcmScreen
                0x0800076c                InitializeLcm
                0x08000860                StrAlign
                0x08000ae0                PrintStr
                0x08000b24                dec2bcd
                0x08000be4                DisplayFill
 .text          0x08000e64     0x318c ./src/main.o
                0x08000e64                OutputOn
                0x08000e84                OutputOff
                0x08000ea4                TimeCompare
                0x08001068                TimeCompare2
                0x08001260                Watering_Next_Set
                0x08001e40                DateChanger
                0x080027d4                ReDesignator
                0x0800285c                Watering
                0x0800347c                main
                0x08003fc8                EVAL_AUDIO_TransferComplete_CallBack
                0x08003fe0                EVAL_AUDIO_GetSampleCallBack
 .text          0x08003ff0      0x284 ./src/outputs.o
                0x08003ff0                Outputs_Init
                0x08004070                Output_On
                0x0800413c                Output_Off
 .text          0x08004274      0x184 ./src/rtc.o
                0x08004274                RTC_Config
 .text          0x080043f8      0x21c ./src/stm32f4_discovery.o
                0x080043f8                STM_EVAL_LEDInit
                0x08004460                STM_EVAL_LEDOn
                0x08004490                STM_EVAL_LEDOff
                0x080044c0                STM_EVAL_LEDToggle
                0x080044fc                STM_EVAL_PBInit
                0x080045dc                STM_EVAL_PBGetState
 .text          0x08004614      0xd40 ./src/stm32f4xx_it.o
                0x08004614                NMI_Handler
                0x08004620                HardFault_Handler
                0x08004628                MemManage_Handler
                0x08004630                BusFault_Handler
                0x08004638                UsageFault_Handler
                0x08004640                SVC_Handler
                0x0800464c                DebugMon_Handler
                0x08004658                PendSV_Handler
                0x08004664                SysTick_Handler
                0x08004670                RTC_WKUP_IRQHandler
                0x080049ec                RTC_Alarm_IRQHandler
                0x08004db0                EXTI9_5_IRQHandler
                0x080050bc                EXTI3_IRQHandler
                0x0800530c                EXTI2_IRQHandler
                0x08005324                EXTI1_IRQHandler
                0x0800533c                EXTI0_IRQHandler
 .text          0x08005354      0x26c ./src/system_stm32f4xx.o
                0x08005354                SystemInit
                0x080053b0                SystemCoreClockUpdate
 .text          0x080055c0      0x19c ./Libraries/STM32F4xx_StdPeriph_Driver/src/misc.o
                0x080055c0                NVIC_PriorityGroupConfig
                0x080055e4                NVIC_Init
                0x080056b8                NVIC_SetVectorTable
                0x080056e4                NVIC_SystemLPConfig
                0x08005724                SysTick_CLKSourceConfig
 .text          0x0800575c      0xb48 ./Libraries/STM32F4xx_StdPeriph_Driver/src/stm32f4xx_adc.o
                0x0800575c                ADC_DeInit
                0x0800577c                ADC_Init
                0x08005830                ADC_StructInit
                0x0800587c                ADC_CommonInit
                0x080058cc                ADC_CommonStructInit
                0x08005900                ADC_Cmd
                0x08005938                ADC_AnalogWatchdogCmd
                0x08005974                ADC_AnalogWatchdogThresholdsConfig
                0x0800599c                ADC_AnalogWatchdogSingleChannelConfig
                0x080059d4                ADC_TempSensorVrefintCmd
                0x08005a0c                ADC_VBATCmd
                0x08005a44                ADC_RegularChannelConfig
                0x08005c00                ADC_SoftwareStartConv
                0x08005c20                ADC_GetSoftwareStartConvStatus
                0x08005c58                ADC_EOCOnEachRegularChannelCmd
                0x08005c90                ADC_ContinuousModeCmd
                0x08005cc8                ADC_DiscModeChannelCountConfig
                0x08005d14                ADC_DiscModeCmd
                0x08005d4c                ADC_GetConversionValue
                0x08005d68                ADC_GetMultiModeConversionValue
                0x08005d7c                ADC_DMACmd
                0x08005db4                ADC_DMARequestAfterLastTransferCmd
                0x08005dec                ADC_MultiModeDMARequestAfterLastTransferCmd
                0x08005e24                ADC_InjectedChannelConfig
                0x08005f68                ADC_InjectedSequencerLengthConfig
                0x08005fb4                ADC_SetInjectedOffset
                0x08005fe8                ADC_ExternalTrigInjectedConvConfig
                0x08006020                ADC_ExternalTrigInjectedConvEdgeConfig
                0x08006058                ADC_SoftwareStartInjectedConv
                0x08006078                ADC_GetSoftwareStartInjectedConvCmdStatus
                0x080060b0                ADC_AutoInjectedConvCmd
                0x080060e8                ADC_InjectedDiscModeCmd
                0x08006120                ADC_GetInjectedConversionValue
                0x08006154                ADC_ITConfig
                0x080061ac                ADC_GetFlagStatus
                0x080061e8                ADC_ClearFlag
                0x08006208                ADC_GetITStatus
                0x08006274                ADC_ClearITPendingBit
 .text          0x080062a4      0x768 ./Libraries/STM32F4xx_StdPeriph_Driver/src/stm32f4xx_dma.o
                0x080062a4                DMA_DeInit
                0x08006458                DMA_Init
                0x08006508                DMA_StructInit
                0x08006594                DMA_Cmd
                0x080065cc                DMA_PeriphIncOffsetSizeConfig
                0x08006600                DMA_FlowControllerConfig
                0x08006634                DMA_SetCurrDataCounter
                0x08006650                DMA_GetCurrDataCounter
                0x0800666c                DMA_DoubleBufferModeConfig
                0x080066a8                DMA_DoubleBufferModeCmd
                0x080066e0                DMA_MemoryTargetConfig
                0x0800670c                DMA_GetCurrentMemoryTarget
                0x08006744                DMA_GetCmdStatus
                0x0800677c                DMA_GetFIFOStatus
                0x080067a4                DMA_GetFlagStatus
                0x08006824                DMA_ClearFlag
                0x08006880                DMA_ITConfig
                0x080068f4                DMA_GetITStatus
                0x080069b0                DMA_ClearITPendingBit
 .text          0x08006a0c      0x23c ./Libraries/STM32F4xx_StdPeriph_Driver/src/stm32f4xx_exti.o
                0x08006a0c                EXTI_DeInit
                0x08006a44                EXTI_Init
                0x08006b2c                EXTI_StructInit
                0x08006b60                EXTI_GenerateSWInterrupt
                0x08006b84                EXTI_GetFlagStatus
                0x08006bc0                EXTI_ClearFlag
                0x08006bdc                EXTI_GetITStatus
                0x08006c2c                EXTI_ClearITPendingBit
 .text          0x08006c48      0x7e0 ./Libraries/STM32F4xx_StdPeriph_Driver/src/stm32f4xx_flash.o
                0x08006c48                FLASH_SetLatency
                0x08006c68                FLASH_PrefetchBufferCmd
                0x08006ca0                FLASH_InstructionCacheCmd
                0x08006cd8                FLASH_DataCacheCmd
                0x08006d10                FLASH_InstructionCacheReset
                0x08006d2c                FLASH_DataCacheReset
                0x08006d48                FLASH_Unlock
                0x08006d74                FLASH_Lock
                0x08006d90                FLASH_EraseSector
                0x08006e58                FLASH_EraseAllSectors
                0x08006f00                FLASH_ProgramDoubleWord
                0x08006f74                FLASH_ProgramWord
                0x08006fe0                FLASH_ProgramHalfWord
                0x08007050                FLASH_ProgramByte
                0x080070bc                FLASH_OB_Unlock
                0x080070ec                FLASH_OB_Lock
                0x08007108                FLASH_OB_WRPConfig
                0x08007168                FLASH_OB_RDPConfig
                0x08007198                FLASH_OB_UserConfig
                0x080071f4                FLASH_OB_BORConfig
                0x0800722c                FLASH_OB_Launch
                0x08007260                FLASH_OB_GetUser
                0x0800727c                FLASH_OB_GetWRP
                0x08007294                FLASH_OB_GetRDP
                0x080072cc                FLASH_OB_GetBOR
                0x080072e8                FLASH_ITConfig
                0x08007328                FLASH_GetFlagStatus
                0x08007364                FLASH_ClearFlag
                0x08007380                FLASH_GetStatus
                0x080073f4                FLASH_WaitForLastOperation
 .text          0x08007428      0x528 ./Libraries/STM32F4xx_StdPeriph_Driver/src/stm32f4xx_gpio.o
                0x08007428                GPIO_DeInit
                0x0800758c                GPIO_Init
                0x080076d0                GPIO_StructInit
                0x0800770c                GPIO_PinLockConfig
                0x08007750                GPIO_ReadInputDataBit
                0x0800778c                GPIO_ReadInputData
                0x080077a8                GPIO_ReadOutputDataBit
                0x080077e4                GPIO_ReadOutputData
                0x08007800                GPIO_SetBits
                0x0800781c                GPIO_ResetBits
                0x08007838                GPIO_WriteBit
                0x08007868                GPIO_Write
                0x08007884                GPIO_ToggleBits
                0x080078a8                GPIO_PinAFConfig
 .text          0x08007950      0x230 ./Libraries/STM32F4xx_StdPeriph_Driver/src/stm32f4xx_pwr.o
                0x08007950                PWR_DeInit
                0x08007970                PWR_BackupAccessCmd
                0x08007990                PWR_PVDLevelConfig
                0x080079c8                PWR_PVDCmd
                0x080079e8                PWR_WakeUpPinCmd
                0x08007a08                PWR_BackupRegulatorCmd
                0x08007a28                PWR_MainRegulatorModeConfig
                0x08007a60                PWR_FlashPowerDownCmd
                0x08007a80                PWR_EnterSTOPMode
                0x08007ae4                PWR_EnterSTANDBYMode
                0x08007b1c                PWR_GetFlagStatus
                0x08007b58                PWR_ClearFlag
 .text          0x08007b80      0xb34 ./Libraries/STM32F4xx_StdPeriph_Driver/src/stm32f4xx_rcc.o
                0x08007b80                RCC_DeInit
                0x08007bd0                RCC_HSEConfig
                0x08007bf8                RCC_WaitForHSEStartUp
                0x08007c5c                RCC_AdjustHSICalibrationValue
                0x08007c9c                RCC_HSICmd
                0x08007cbc                RCC_LSEConfig
                0x08007d08                RCC_LSICmd
                0x08007d28                RCC_PLLConfig
                0x08007d70                RCC_PLLCmd
                0x08007d90                RCC_PLLI2SConfig
                0x08007dbc                RCC_PLLI2SCmd
                0x08007ddc                RCC_ClockSecuritySystemCmd
                0x08007dfc                RCC_MCO1Config
                0x08007e3c                RCC_MCO2Config
                0x08007e7c                RCC_SYSCLKConfig
                0x08007eb4                RCC_GetSYSCLKSource
                0x08007ed0                RCC_HCLKConfig
                0x08007f08                RCC_PCLK1Config
                0x08007f40                RCC_PCLK2Config
                0x08007f7c                RCC_GetClocksFreq
                0x080080f4                RCC_RTCCLKConfig
                0x08008154                RCC_RTCCLKCmd
                0x08008174                RCC_BackupResetCmd
                0x08008194                RCC_I2SCLKConfig
                0x080081b0                RCC_AHB1PeriphClockCmd
                0x080081f0                RCC_AHB2PeriphClockCmd
                0x08008230                RCC_AHB3PeriphClockCmd
                0x08008270                RCC_APB1PeriphClockCmd
                0x080082b0                RCC_APB2PeriphClockCmd
                0x080082f0                RCC_AHB1PeriphResetCmd
                0x08008330                RCC_AHB2PeriphResetCmd
                0x08008370                RCC_AHB3PeriphResetCmd
                0x080083b0                RCC_APB1PeriphResetCmd
                0x080083f0                RCC_APB2PeriphResetCmd
                0x08008430                RCC_AHB1PeriphClockLPModeCmd
                0x08008470                RCC_AHB2PeriphClockLPModeCmd
                0x080084b0                RCC_AHB3PeriphClockLPModeCmd
                0x080084f0                RCC_APB1PeriphClockLPModeCmd
                0x08008530                RCC_APB2PeriphClockLPModeCmd
                0x08008570                RCC_ITConfig
                0x080085bc                RCC_GetFlagStatus
                0x0800863c                RCC_ClearFlag
                0x08008658                RCC_GetITStatus
                0x08008694                RCC_ClearITPendingBit
 .text          0x080086b4     0x16e4 ./Libraries/STM32F4xx_StdPeriph_Driver/src/stm32f4xx_rtc.o
                0x080086b4                RTC_DeInit
                0x080087b4                RTC_Init
                0x0800883c                RTC_StructInit
                0x08008868                RTC_WriteProtectionCmd
                0x080088a0                RTC_EnterInitMode
                0x08008920                RTC_ExitInitMode
                0x0800893c                RTC_WaitForSynchro
                0x080089c4                RTC_RefClockCmd
                0x08008a38                RTC_BypassShadowCmd
                0x08008a88                RTC_SetTime
                0x08008bac                RTC_TimeStructInit
                0x08008be0                RTC_GetTime
                0x08008c84                RTC_GetSubSecond
                0x08008cac                RTC_SetDate
                0x08008dd8                RTC_DateStructInit
                0x08008e0c                RTC_GetDate
                0x08008eb0                RTC_SetAlarm
                0x08009004                RTC_AlarmStructInit
                0x08009050                RTC_GetAlarm
                0x08009134                RTC_AlarmCmd
                0x080091e8                RTC_AlarmSubSecondConfig
                0x08009240                RTC_GetAlarmSubSecond
                0x08009288                RTC_WakeUpClockConfig
                0x080092d0                RTC_SetWakeUpCounter
                0x08009304                RTC_GetWakeUpCounter
                0x08009320                RTC_WakeUpCmd
                0x080093c8                RTC_DayLightSavingConfig
                0x08009414                RTC_GetStoreOperation
                0x0800942c                RTC_OutputConfig
                0x08009478                RTC_CoarseCalibConfig
                0x080094d8                RTC_CoarseCalibCmd
                0x0800954c                RTC_CalibOutputCmd
                0x0800959c                RTC_CalibOutputConfig
                0x080095e4                RTC_SmoothCalibConfig
                0x08009678                RTC_TimeStampCmd
                0x080096e0                RTC_GetTimeStamp
                0x08009808                RTC_GetTimeStampSubSecond
                0x0800981c                RTC_TamperTriggerConfig
                0x08009860                RTC_TamperCmd
                0x080098a0                RTC_TamperFilterConfig
                0x080098d0                RTC_TamperSamplingFreqConfig
                0x08009900                RTC_TamperPinsPrechargeDuration
                0x08009930                RTC_TimeStampOnTamperDetectionCmd
                0x08009968                RTC_TamperPullUpCmd
                0x080099a0                RTC_WriteBackupRegister
                0x080099d4                RTC_ReadBackupRegister
                0x08009a08                RTC_TamperPinSelection
                0x08009a38                RTC_TimeStampPinSelection
                0x08009a68                RTC_OutputTypeConfig
                0x08009a98                RTC_SynchroShiftConfig
                0x08009b4c                RTC_ITConfig
                0x08009bd0                RTC_GetFlagStatus
                0x08009c1c                RTC_ClearFlag
                0x08009c54                RTC_GetITStatus
                0x08009cd0                RTC_ClearITPendingBit
 .text          0x08009d98      0x14c ./Libraries/STM32F4xx_StdPeriph_Driver/src/stm32f4xx_syscfg.o
                0x08009d98                SYSCFG_DeInit
                0x08009db8                SYSCFG_MemoryRemapConfig
                0x08009dd8                SYSCFG_EXTILineConfig
                0x08009e70                SYSCFG_ETH_MediaInterfaceConfig
                0x08009e8c                SYSCFG_CompensationCellCmd
                0x08009eac                SYSCFG_GetCompensationCellStatus
 .text          0x08009ee4     0x1d30 ./Libraries/STM32F4xx_StdPeriph_Driver/src/stm32f4xx_tim.o
                0x08009ee4                TIM_DeInit
                0x0800a104                TIM_TimeBaseInit
                0x0800a1dc                TIM_TimeBaseStructInit
                0x0800a218                TIM_PrescalerConfig
                0x0800a240                TIM_CounterModeConfig
                0x0800a278                TIM_SetCounter
                0x0800a294                TIM_SetAutoreload
                0x0800a2b0                TIM_GetCounter
                0x0800a2c8                TIM_GetPrescaler
                0x0800a2e4                TIM_UpdateDisableConfig
                0x0800a324                TIM_UpdateRequestConfig
                0x0800a364                TIM_ARRPreloadConfig
                0x0800a3a4                TIM_SelectOnePulseMode
                0x0800a3dc                TIM_SetClockDivision
                0x0800a414                TIM_Cmd
                0x0800a454                TIM_OC1Init
                0x0800a54c                TIM_OC2Init
                0x0800a670                TIM_OC3Init
                0x0800a78c                TIM_OC4Init
                0x0800a868                TIM_OCStructInit
                0x0800a8bc                TIM_SelectOCxM
                0x0800a97c                TIM_SetCompare1
                0x0800a998                TIM_SetCompare2
                0x0800a9b4                TIM_SetCompare3
                0x0800a9d0                TIM_SetCompare4
                0x0800a9ec                TIM_ForcedOC1Config
                0x0800aa24                TIM_ForcedOC2Config
                0x0800aa64                TIM_ForcedOC3Config
                0x0800aa9c                TIM_ForcedOC4Config
                0x0800aadc                TIM_OC1PreloadConfig
                0x0800ab14                TIM_OC2PreloadConfig
                0x0800ab54                TIM_OC3PreloadConfig
                0x0800ab8c                TIM_OC4PreloadConfig
                0x0800abcc                TIM_OC1FastConfig
                0x0800ac04                TIM_OC2FastConfig
                0x0800ac44                TIM_OC3FastConfig
                0x0800ac7c                TIM_OC4FastConfig
                0x0800acbc                TIM_ClearOC1Ref
                0x0800acf4                TIM_ClearOC2Ref
                0x0800ad38                TIM_ClearOC3Ref
                0x0800ad70                TIM_ClearOC4Ref
                0x0800adb4                TIM_OC1PolarityConfig
                0x0800adec                TIM_OC1NPolarityConfig
                0x0800ae24                TIM_OC2PolarityConfig
                0x0800ae64                TIM_OC2NPolarityConfig
                0x0800aea4                TIM_OC3PolarityConfig
                0x0800aee4                TIM_OC3NPolarityConfig
                0x0800af24                TIM_OC4PolarityConfig
                0x0800af64                TIM_CCxCmd
                0x0800afc0                TIM_CCxNCmd
                0x0800b01c                TIM_ICInit
                0x0800b0c4                TIM_ICStructInit
                0x0800b100                TIM_PWMIConfig
                0x0800b1c4                TIM_GetCapture1
                0x0800b1dc                TIM_GetCapture2
                0x0800b1f4                TIM_GetCapture3
                0x0800b20c                TIM_GetCapture4
                0x0800b224                TIM_SetIC1Prescaler
                0x0800b25c                TIM_SetIC2Prescaler
                0x0800b298                TIM_SetIC3Prescaler
                0x0800b2d0                TIM_SetIC4Prescaler
                0x0800b30c                TIM_BDTRConfig
                0x0800b35c                TIM_BDTRStructInit
                0x0800b3a8                TIM_CtrlPWMOutputs
                0x0800b3f8                TIM_SelectCOM
                0x0800b438                TIM_CCPreloadControl
                0x0800b478                TIM_ITConfig
                0x0800b4c0                TIM_GenerateEvent
                0x0800b4dc                TIM_GetFlagStatus
                0x0800b51c                TIM_ClearFlag
                0x0800b540                TIM_GetITStatus
                0x0800b5a0                TIM_ClearITPendingBit
                0x0800b5c4                TIM_DMAConfig
                0x0800b5ec                TIM_DMACmd
                0x0800b634                TIM_SelectCCDMA
                0x0800b674                TIM_InternalClockConfig
                0x0800b698                TIM_ITRxExternalClockConfig
                0x0800b6c8                TIM_TIxExternalClockConfig
                0x0800b720                TIM_ETRClockMode1Config
                0x0800b774                TIM_ETRClockMode2Config
                0x0800b7a8                TIM_SelectInputTrigger
                0x0800b7e0                TIM_SelectOutputTrigger
                0x0800b818                TIM_SelectSlaveMode
                0x0800b850                TIM_SelectMasterSlaveMode
                0x0800b888                TIM_ETRConfig
                0x0800b8d4                TIM_EncoderInterfaceConfig
                0x0800b968                TIM_SelectHallSensor
                0x0800b9a8                TIM_RemapConfig
 .text          0x0800bc14      0x1f8 ./Application/Module/Timers/Timers.o
                0x0800bc14                TimerConfig
                0x0800bc98                TIM3_IRQHandler
 .text          0x0800be0c      0x2a8 ./Application/Module/TempMeasurement/ADC_Driver.o
                0x0800be0c                ADC_Driver_Init
                0x0800bfa4                DMA_Config
                0x0800c038                ADC_GPIO_Config
 .text          0x0800c0b4      0xf08 ./Application/Module/Flash/Flash.o
                0x0800c0b4                FlashReset
                0x0800c148                FlashSample
                0x0800c260                GetSector
                0x0800c3b8                GetSectorStamp2
                0x0800c4ac                GetSectorStamp
                0x0800c690                SetSectorStamp
                0x0800c824                FlashSectorStampToDefault
                0x0800cc28                CopyToFlashTest
 .text          0x0800cfbc       0x58 c:/program files (x86)/codesourcery/sourcery_codebench_lite_for_arm_eabi/bin/../lib/gcc/arm-none-eabi/4.7.2/../../../../arm-none-eabi/lib/thumb2\libc.a(lib_a-init.o)
                0x0800cfbc                __libc_init_array
 *(.text*)
 .text.Reset_Handler
                0x0800d014       0x54 ./src/startup_stm32f4xx.o
                0x0800d014                Reset_Handler
 .text.Default_Handler
                0x0800d068        0x4 ./src/startup_stm32f4xx.o
                0x0800d068                HASH_RNG_IRQHandler
                0x0800d068                TIM8_CC_IRQHandler
                0x0800d068                TIM1_CC_IRQHandler
                0x0800d068                DMA2_Stream5_IRQHandler
                0x0800d068                DMA1_Stream5_IRQHandler
                0x0800d068                PVD_IRQHandler
                0x0800d068                SDIO_IRQHandler
                0x0800d068                TAMP_STAMP_IRQHandler
                0x0800d068                CAN2_RX1_IRQHandler
                0x0800d068                TIM8_TRG_COM_TIM14_IRQHandler
                0x0800d068                TIM1_UP_TIM10_IRQHandler
                0x0800d068                TIM8_UP_TIM13_IRQHandler
                0x0800d068                I2C3_ER_IRQHandler
                0x0800d068                I2C2_EV_IRQHandler
                0x0800d068                DMA1_Stream2_IRQHandler
                0x0800d068                CAN1_RX0_IRQHandler
                0x0800d068                FPU_IRQHandler
                0x0800d068                OTG_HS_WKUP_IRQHandler
                0x0800d068                CAN2_SCE_IRQHandler
                0x0800d068                DMA2_Stream2_IRQHandler
                0x0800d068                SPI1_IRQHandler
                0x0800d068                TIM6_DAC_IRQHandler
                0x0800d068                TIM1_BRK_TIM9_IRQHandler
                0x0800d068                DCMI_IRQHandler
                0x0800d068                CAN2_RX0_IRQHandler
                0x0800d068                DMA2_Stream3_IRQHandler
                0x0800d068                USART6_IRQHandler
                0x0800d068                USART3_IRQHandler
                0x0800d068                CRYP_IRQHandler
                0x0800d068                CAN1_RX1_IRQHandler
                0x0800d068                UART5_IRQHandler
                0x0800d068                DMA2_Stream0_IRQHandler
                0x0800d068                TIM4_IRQHandler
                0x0800d068                I2C1_EV_IRQHandler
                0x0800d068                DMA1_Stream6_IRQHandler
                0x0800d068                DMA1_Stream1_IRQHandler
                0x0800d068                UART4_IRQHandler
                0x0800d068                RCC_IRQHandler
                0x0800d068                TIM8_BRK_TIM12_IRQHandler
                0x0800d068                Default_Handler
                0x0800d068                EXTI15_10_IRQHandler
                0x0800d068                ADC_IRQHandler
                0x0800d068                DMA1_Stream7_IRQHandler
                0x0800d068                TIM7_IRQHandler
                0x0800d068                CAN2_TX_IRQHandler
                0x0800d068                TIM5_IRQHandler
                0x0800d068                DMA2_Stream7_IRQHandler
                0x0800d068                I2C3_EV_IRQHandler
                0x0800d068                ETH_WKUP_IRQHandler
                0x0800d068                SPI2_IRQHandler
                0x0800d068                OTG_HS_EP1_IN_IRQHandler
                0x0800d068                DMA1_Stream0_IRQHandler
                0x0800d068                CAN1_TX_IRQHandler
                0x0800d068                EXTI4_IRQHandler
                0x0800d068                FSMC_IRQHandler
                0x0800d068                ETH_IRQHandler
                0x0800d068                OTG_HS_EP1_OUT_IRQHandler
                0x0800d068                WWDG_IRQHandler
                0x0800d068                TIM2_IRQHandler
                0x0800d068                OTG_FS_WKUP_IRQHandler
                0x0800d068                TIM1_TRG_COM_TIM11_IRQHandler
                0x0800d068                OTG_HS_IRQHandler
                0x0800d068                USART2_IRQHandler
                0x0800d068                I2C2_ER_IRQHandler
                0x0800d068                DMA2_Stream1_IRQHandler
                0x0800d068                CAN1_SCE_IRQHandler
                0x0800d068                FLASH_IRQHandler
                0x0800d068                DMA2_Stream4_IRQHandler
                0x0800d068                USART1_IRQHandler
                0x0800d068                OTG_FS_IRQHandler
                0x0800d068                SPI3_IRQHandler
                0x0800d068                DMA1_Stream4_IRQHandler
                0x0800d068                I2C1_ER_IRQHandler
                0x0800d068                DMA2_Stream6_IRQHandler
                0x0800d068                DMA1_Stream3_IRQHandler
 *(.rodata)
 .rodata        0x0800d06c       0x74 ./src/main.o
 .rodata        0x0800d0e0       0x30 ./src/stm32f4_discovery.o
                0x0800d0e0                GPIO_PIN
                0x0800d0e8                GPIO_CLK
                0x0800d0f8                BUTTON_PIN
                0x0800d0fc                BUTTON_CLK
                0x0800d100                BUTTON_EXTI_LINE
                0x0800d104                BUTTON_PORT_SOURCE
                0x0800d108                BUTTON_PIN_SOURCE
                0x0800d10c                BUTTON_IRQn
 *(.rodata*)
 *(.glue_7)
 .glue_7        0x00000000        0x0 linker stubs
 *(.glue_7t)
 .glue_7t       0x00000000        0x0 linker stubs
 *(.eh_frame)
 .eh_frame      0x0800d110        0x0 c:/program files (x86)/codesourcery/sourcery_codebench_lite_for_arm_eabi/bin/../lib/gcc/arm-none-eabi/4.7.2/thumb2/crtbegin.o
 *(.init)
 .init          0x0800d110        0x4 c:/program files (x86)/codesourcery/sourcery_codebench_lite_for_arm_eabi/bin/../lib/gcc/arm-none-eabi/4.7.2/thumb2/crti.o
                0x0800d110                _init
 .init          0x0800d114        0x8 c:/program files (x86)/codesourcery/sourcery_codebench_lite_for_arm_eabi/bin/../lib/gcc/arm-none-eabi/4.7.2/thumb2/crtn.o
 *(.fini)
 .fini          0x0800d11c        0x4 c:/program files (x86)/codesourcery/sourcery_codebench_lite_for_arm_eabi/bin/../lib/gcc/arm-none-eabi/4.7.2/thumb2/crti.o
                0x0800d11c                _fini
 .fini          0x0800d120        0x8 c:/program files (x86)/codesourcery/sourcery_codebench_lite_for_arm_eabi/bin/../lib/gcc/arm-none-eabi/4.7.2/thumb2/crtn.o
                0x0800d128                . = ALIGN (0x4)
                0x0800d128                _etext = .

.vfp11_veneer   0x0800d128        0x0
 .vfp11_veneer  0x00000000        0x0 linker stubs

.v4_bx          0x0800d128        0x0
 .v4_bx         0x00000000        0x0 linker stubs

.iplt           0x0800d128        0x0
 .iplt          0x00000000        0x0 c:/program files (x86)/codesourcery/sourcery_codebench_lite_for_arm_eabi/bin/../lib/gcc/arm-none-eabi/4.7.2/thumb2/crtbegin.o

.rel.dyn        0x0800d128        0x0
 .rel.iplt      0x00000000        0x0 c:/program files (x86)/codesourcery/sourcery_codebench_lite_for_arm_eabi/bin/../lib/gcc/arm-none-eabi/4.7.2/thumb2/crtbegin.o

.ARM.extab
 *(.ARM.extab* .gnu.linkonce.armextab.*)

.ARM            0x0800d128        0x0
                0x0800d128                __exidx_start = .
 *(.ARM.exidx*)
                0x0800d128                __exidx_end = .

.preinit_array  0x0800d128        0x0
                0x0800d128                PROVIDE (__preinit_array_start, .)
 *(.preinit_array*)
                0x0800d128                PROVIDE (__preinit_array_end, .)

.init_array     0x0800d128        0x4
                0x0800d128                PROVIDE (__init_array_start, .)
 *(SORT(.init_array.*))
 *(.init_array*)
 .init_array    0x0800d128        0x4 c:/program files (x86)/codesourcery/sourcery_codebench_lite_for_arm_eabi/bin/../lib/gcc/arm-none-eabi/4.7.2/thumb2/crtbegin.o
                0x0800d12c                PROVIDE (__init_array_end, .)

.fini_array     0x0800d12c        0x4
                0x0800d12c                PROVIDE (__fini_array_start, .)
 *(.fini_array*)
 .fini_array    0x0800d12c        0x4 c:/program files (x86)/codesourcery/sourcery_codebench_lite_for_arm_eabi/bin/../lib/gcc/arm-none-eabi/4.7.2/thumb2/crtbegin.o
 *(SORT(.fini_array.*))
                0x0800d130                PROVIDE (__fini_array_end, .)
                0x0800d130                _sidata = .

.data           0x20000000       0x38 load address 0x0800d130
                0x20000000                . = ALIGN (0x4)
                0x20000000                _sdata = .
 *(.data)
 .data          0x20000000       0x14 ./src/stm32f4_discovery.o
                0x20000000                GPIO_PORT
                0x20000010                BUTTON_PORT
 .data          0x20000014       0x14 ./src/system_stm32f4xx.o
                0x20000014                SystemCoreClock
                0x20000018                AHBPrescTable
 .data          0x20000028       0x10 ./Libraries/STM32F4xx_StdPeriph_Driver/src/stm32f4xx_rcc.o
 *(.data*)
                0x20000038                . = ALIGN (0x4)
                0x20000038                _edata = .

.jcr            0x20000038        0x0 load address 0x0800d168
 .jcr           0x20000038        0x0 c:/program files (x86)/codesourcery/sourcery_codebench_lite_for_arm_eabi/bin/../lib/gcc/arm-none-eabi/4.7.2/thumb2/crtbegin.o

.tm_clone_table
                0x20000038        0x0 load address 0x0800d168
 .tm_clone_table
                0x20000038        0x0 c:/program files (x86)/codesourcery/sourcery_codebench_lite_for_arm_eabi/bin/../lib/gcc/arm-none-eabi/4.7.2/thumb2/crtbegin.o
 .tm_clone_table
                0x20000038        0x0 c:/program files (x86)/codesourcery/sourcery_codebench_lite_for_arm_eabi/bin/../lib/gcc/arm-none-eabi/4.7.2/thumb2/crtend.o

.igot.plt       0x20000038        0x0 load address 0x0800d168
 .igot.plt      0x00000000        0x0 c:/program files (x86)/codesourcery/sourcery_codebench_lite_for_arm_eabi/bin/../lib/gcc/arm-none-eabi/4.7.2/thumb2/crtbegin.o
                0x20000038                . = ALIGN (0x4)

.bss            0x20000038     0x1468 load address 0x0800d168
                0x20000038                _sbss = .
                0x20000038                __bss_start__ = _sbss
 *(.bss)
 .bss           0x20000038       0x1c c:/program files (x86)/codesourcery/sourcery_codebench_lite_for_arm_eabi/bin/../lib/gcc/arm-none-eabi/4.7.2/thumb2/crtbegin.o
 .bss           0x20000054        0x8 ./Application/Module/Timers/Timers.o
 .bss           0x2000005c      0xc74 ./Application/Module/Flash/Flash.o
 *(.bss*)
 *(COMMON)
 COMMON         0x20000cd0       0x24 ./src/lcd.o
                0x20000cd0                display_fill_menu_temporary
                0x20000cec                GPIO_InitStructure
 COMMON         0x20000cf4      0x748 ./src/main.o
                0x20000cf4                watering_delete
                0x20000d10                watering_prcess2
                0x20000d2c                menu_outputs_off
                0x20000d48                menu_first
                0x20000d4c                datechanger_i
                0x20000d50                menu_outputs_off1
                0x20000d6c                watering_function
                0x20000d70                watering_channel
                0x20000d74                menu_outputs_off8
                0x20000d90                watering_new
                0x20000dac                watering_temp
                0x20000e12                menu_special_function
                0x20000e14                alarm_temp
                0x20000e18                menu_outputs_on10
                0x20000e34                watering_process2
                0x20000e3c                watering_lenght
                0x20000e40                menu_outputs_off4
                0x20000e5c                day_counter
                0x20000e60                watering_temporary
                0x20000e64                menu_outputs_on4
                0x20000e80                menu_ingyen_sor
                0x20000e9c                menu_outputs_on7
                0x20000eb8                menu_level_first
                0x20000f44                RTC_AlarmStructure
                0x20000f54                menu_time0
                0x20000f70                menu_outputs_on2
                0x20000f8c                menu_MENU
                0x20000fa8                watering_i
                0x20000fac                temp
                0x20000fc0                menu_outputs_off6
                0x20000fdc                menu_outputs_off0
                0x20000ff8                datechanger_function
                0x20000ffc                menu_outputs_on
                0x20001018                menu_ontozes
                0x20001034                watering_prcess1
                0x20001050                menu_temporary2
                0x20001054                menu_level_current
                0x200010e0                menu_outputs_on0
                0x200010fc                menu_time
                0x20001118                watering_settings_0
                0x20001134                watering
                0x2000124c                menu_current
                0x20001250                menu_outputs_off7
                0x2000126c                menu_outputs_on8
                0x20001288                menu_outputs_on5
                0x200012a4                menu_date
                0x200012c0                menu_outputs_off5
                0x200012dc                menu_outputs_off9
                0x200012f8                watering_temporary2
                0x200012fc                datechanger_date
                0x20001308                watproc1_text
                0x2000130e                menu_level
                0x20001310                menu_temporary
                0x20001314                watering_current
                0x20001318                watering_edit
                0x20001334                watering_j
                0x20001338                menu_outputs_on3
                0x20001354                menu_utkozes
                0x20001370                menu_outputs_off3
                0x2000138c                menu_outputs_off10
                0x200013a8                menu_outputs_on6
                0x200013c4                menu_outputs_on1
                0x200013e0                menu_current_time
                0x200013fc                menu_temporary3
                0x20001400                datechanger_temp
                0x20001404                menu_outputs_on9
                0x20001420                menu_outputs_off2
 COMMON         0x2000143c        0x8 ./src/stm32f4xx_it.o
                0x2000143c                limit_swich_counter
                0x20001440                pump_counter
 COMMON         0x20001444       0x48 ./Application/Module/Timers/Timers.o
                0x20001444                ADCConvertedValues
 COMMON         0x2000148c       0x14 ./Application/Module/TempMeasurement/ADC_Driver.o
                0x2000148c                aADCDualConvertedValue
                0x200014a0                . = ALIGN (0x4)
                0x200014a0                _ebss = .
                0x200014a0                __bss_end__ = _ebss

._user_heap_stack
                0x200014a0      0x400 load address 0x0800d168
                0x200014a0                . = ALIGN (0x4)
                0x200014a0                PROVIDE (end, .)
                0x200014a0                PROVIDE (_end, .)
                0x200014a0                . = (. + _Min_Heap_Size)
                0x200018a0                . = (. + _Min_Stack_Size)
 *fill*         0x200014a0      0x400 
                0x200018a0                . = ALIGN (0x4)

.memory_b1_text
 *(.mb1text)
 *(.mb1text*)
 *(.mb1rodata)
 *(.mb1rodata*)

/DISCARD/
 libc.a(*)
 libm.a(*)
 libgcc.a(*)

.ARM.attributes
                0x00000000       0x2f
 *(.ARM.attributes)
 .ARM.attributes
                0x00000000       0x19 c:/program files (x86)/codesourcery/sourcery_codebench_lite_for_arm_eabi/bin/../lib/gcc/arm-none-eabi/4.7.2/thumb2/crti.o
 .ARM.attributes
                0x00000019       0x29 c:/program files (x86)/codesourcery/sourcery_codebench_lite_for_arm_eabi/bin/../lib/gcc/arm-none-eabi/4.7.2/thumb2/crtbegin.o
 .ARM.attributes
                0x00000042       0x33 ./src/inputs.o
 .ARM.attributes
                0x00000075       0x33 ./src/lcd.o
 .ARM.attributes
                0x000000a8       0x33 ./src/main.o
 .ARM.attributes
                0x000000db       0x33 ./src/outputs.o
 .ARM.attributes
                0x0000010e       0x33 ./src/rtc.o
 .ARM.attributes
                0x00000141       0x21 ./src/startup_stm32f4xx.o
 .ARM.attributes
                0x00000162       0x33 ./src/stm32f4_discovery.o
 .ARM.attributes
                0x00000195       0x33 ./src/stm32f4xx_it.o
 .ARM.attributes
                0x000001c8       0x33 ./src/system_stm32f4xx.o
 .ARM.attributes
                0x000001fb       0x33 ./Libraries/STM32F4xx_StdPeriph_Driver/src/misc.o
 .ARM.attributes
                0x0000022e       0x33 ./Libraries/STM32F4xx_StdPeriph_Driver/src/stm32f4xx_adc.o
 .ARM.attributes
                0x00000261       0x33 ./Libraries/STM32F4xx_StdPeriph_Driver/src/stm32f4xx_dma.o
 .ARM.attributes
                0x00000294       0x33 ./Libraries/STM32F4xx_StdPeriph_Driver/src/stm32f4xx_exti.o
 .ARM.attributes
                0x000002c7       0x33 ./Libraries/STM32F4xx_StdPeriph_Driver/src/stm32f4xx_flash.o
 .ARM.attributes
                0x000002fa       0x33 ./Libraries/STM32F4xx_StdPeriph_Driver/src/stm32f4xx_gpio.o
 .ARM.attributes
                0x0000032d       0x33 ./Libraries/STM32F4xx_StdPeriph_Driver/src/stm32f4xx_pwr.o
 .ARM.attributes
                0x00000360       0x33 ./Libraries/STM32F4xx_StdPeriph_Driver/src/stm32f4xx_rcc.o
 .ARM.attributes
                0x00000393       0x33 ./Libraries/STM32F4xx_StdPeriph_Driver/src/stm32f4xx_rtc.o
 .ARM.attributes
                0x000003c6       0x33 ./Libraries/STM32F4xx_StdPeriph_Driver/src/stm32f4xx_syscfg.o
 .ARM.attributes
                0x000003f9       0x33 ./Libraries/STM32F4xx_StdPeriph_Driver/src/stm32f4xx_tim.o
 .ARM.attributes
                0x0000042c       0x33 ./Application/Module/Timers/Timers.o
 .ARM.attributes
                0x0000045f       0x33 ./Application/Module/TempMeasurement/ADC_Driver.o
 .ARM.attributes
                0x00000492       0x33 ./Application/Module/Flash/Flash.o
 .ARM.attributes
                0x000004c5       0x29 c:/program files (x86)/codesourcery/sourcery_codebench_lite_for_arm_eabi/bin/../lib/gcc/arm-none-eabi/4.7.2/../../../../arm-none-eabi/lib/thumb2\libc.a(lib_a-init.o)
 .ARM.attributes
                0x000004ee       0x29 c:/program files (x86)/codesourcery/sourcery_codebench_lite_for_arm_eabi/bin/../lib/gcc/arm-none-eabi/4.7.2/thumb2/crtend.o
 .ARM.attributes
                0x00000517       0x19 c:/program files (x86)/codesourcery/sourcery_codebench_lite_for_arm_eabi/bin/../lib/gcc/arm-none-eabi/4.7.2/thumb2/crtn.o
OUTPUT(estevan.elf elf32-littlearm)

.debug_info     0x00000000     0xc4db
 .debug_info    0x00000000      0x5f8 ./src/inputs.o
 .debug_info    0x000005f8      0x5c4 ./src/lcd.o
 .debug_info    0x00000bbc      0xf30 ./src/main.o
 .debug_info    0x00001aec      0x354 ./src/outputs.o
 .debug_info    0x00001e40      0x554 ./src/rtc.o
 .debug_info    0x00002394       0x67 ./src/startup_stm32f4xx.o
 .debug_info    0x000023fb      0x8be ./src/stm32f4_discovery.o
 .debug_info    0x00002cb9      0xabd ./src/stm32f4xx_it.o
 .debug_info    0x00003776      0x5f9 ./src/system_stm32f4xx.o
 .debug_info    0x00003d6f      0x596 ./Libraries/STM32F4xx_StdPeriph_Driver/src/misc.o
 .debug_info    0x00004305      0xd18 ./Libraries/STM32F4xx_StdPeriph_Driver/src/stm32f4xx_adc.o
 .debug_info    0x0000501d      0x7b3 ./Libraries/STM32F4xx_StdPeriph_Driver/src/stm32f4xx_dma.o
 .debug_info    0x000057d0      0x377 ./Libraries/STM32F4xx_StdPeriph_Driver/src/stm32f4xx_exti.o
 .debug_info    0x00005b47      0x790 ./Libraries/STM32F4xx_StdPeriph_Driver/src/stm32f4xx_flash.o
 .debug_info    0x000062d7      0x644 ./Libraries/STM32F4xx_StdPeriph_Driver/src/stm32f4xx_gpio.o
 .debug_info    0x0000691b      0x547 ./Libraries/STM32F4xx_StdPeriph_Driver/src/stm32f4xx_pwr.o
 .debug_info    0x00006e62      0xd4d ./Libraries/STM32F4xx_StdPeriph_Driver/src/stm32f4xx_rcc.o
 .debug_info    0x00007baf     0x1259 ./Libraries/STM32F4xx_StdPeriph_Driver/src/stm32f4xx_rtc.o
 .debug_info    0x00008e08      0x27d ./Libraries/STM32F4xx_StdPeriph_Driver/src/stm32f4xx_syscfg.o
 .debug_info    0x00009085     0x1e81 ./Libraries/STM32F4xx_StdPeriph_Driver/src/stm32f4xx_tim.o
 .debug_info    0x0000af06      0x8e5 ./Application/Module/Timers/Timers.o
 .debug_info    0x0000b7eb      0x6a2 ./Application/Module/TempMeasurement/ADC_Driver.o
 .debug_info    0x0000be8d      0x64e ./Application/Module/Flash/Flash.o

.debug_abbrev   0x00000000     0x2162
 .debug_abbrev  0x00000000      0x111 ./src/inputs.o
 .debug_abbrev  0x00000111      0x1d0 ./src/lcd.o
 .debug_abbrev  0x000002e1      0x25f ./src/main.o
 .debug_abbrev  0x00000540      0x12b ./src/outputs.o
 .debug_abbrev  0x0000066b      0x106 ./src/rtc.o
 .debug_abbrev  0x00000771       0x12 ./src/startup_stm32f4xx.o
 .debug_abbrev  0x00000783      0x188 ./src/stm32f4_discovery.o
 .debug_abbrev  0x0000090b      0x206 ./src/stm32f4xx_it.o
 .debug_abbrev  0x00000b11      0x13b ./src/system_stm32f4xx.o
 .debug_abbrev  0x00000c4c      0x12c ./Libraries/STM32F4xx_StdPeriph_Driver/src/misc.o
 .debug_abbrev  0x00000d78      0x19b ./Libraries/STM32F4xx_StdPeriph_Driver/src/stm32f4xx_adc.o
 .debug_abbrev  0x00000f13      0x15a ./Libraries/STM32F4xx_StdPeriph_Driver/src/stm32f4xx_dma.o
 .debug_abbrev  0x0000106d      0x1aa ./Libraries/STM32F4xx_StdPeriph_Driver/src/stm32f4xx_exti.o
 .debug_abbrev  0x00001217      0x1b3 ./Libraries/STM32F4xx_StdPeriph_Driver/src/stm32f4xx_flash.o
 .debug_abbrev  0x000013ca      0x1a8 ./Libraries/STM32F4xx_StdPeriph_Driver/src/stm32f4xx_gpio.o
 .debug_abbrev  0x00001572      0x184 ./Libraries/STM32F4xx_StdPeriph_Driver/src/stm32f4xx_pwr.o
 .debug_abbrev  0x000016f6      0x1e8 ./Libraries/STM32F4xx_StdPeriph_Driver/src/stm32f4xx_rcc.o
 .debug_abbrev  0x000018de      0x1b3 ./Libraries/STM32F4xx_StdPeriph_Driver/src/stm32f4xx_rtc.o
 .debug_abbrev  0x00001a91      0x136 ./Libraries/STM32F4xx_StdPeriph_Driver/src/stm32f4xx_syscfg.o
 .debug_abbrev  0x00001bc7      0x18c ./Libraries/STM32F4xx_StdPeriph_Driver/src/stm32f4xx_tim.o
 .debug_abbrev  0x00001d53      0x165 ./Application/Module/Timers/Timers.o
 .debug_abbrev  0x00001eb8      0x12d ./Application/Module/TempMeasurement/ADC_Driver.o
 .debug_abbrev  0x00001fe5      0x17d ./Application/Module/Flash/Flash.o

.debug_loc      0x00000000     0x5371
 .debug_loc     0x00000000       0x38 ./src/inputs.o
 .debug_loc     0x00000038      0x244 ./src/lcd.o
 .debug_loc     0x0000027c      0x253 ./src/main.o
 .debug_loc     0x000004cf       0xa8 ./src/outputs.o
 .debug_loc     0x00000577       0x38 ./src/rtc.o
 .debug_loc     0x000005af      0x150 ./src/stm32f4_discovery.o
 .debug_loc     0x000006ff      0x2e6 ./src/stm32f4xx_it.o
 .debug_loc     0x000009e5       0x9c ./src/system_stm32f4xx.o
 .debug_loc     0x00000a81      0x118 ./Libraries/STM32F4xx_StdPeriph_Driver/src/misc.o
 .debug_loc     0x00000b99      0x838 ./Libraries/STM32F4xx_StdPeriph_Driver/src/stm32f4xx_adc.o
 .debug_loc     0x000013d1      0x428 ./Libraries/STM32F4xx_StdPeriph_Driver/src/stm32f4xx_dma.o
 .debug_loc     0x000017f9      0x1b4 ./Libraries/STM32F4xx_StdPeriph_Driver/src/stm32f4xx_exti.o
 .debug_loc     0x000019ad      0x624 ./Libraries/STM32F4xx_StdPeriph_Driver/src/stm32f4xx_flash.o
 .debug_loc     0x00001fd1      0x310 ./Libraries/STM32F4xx_StdPeriph_Driver/src/stm32f4xx_gpio.o
 .debug_loc     0x000022e1      0x288 ./Libraries/STM32F4xx_StdPeriph_Driver/src/stm32f4xx_pwr.o
 .debug_loc     0x00002569      0x97c ./Libraries/STM32F4xx_StdPeriph_Driver/src/stm32f4xx_rcc.o
 .debug_loc     0x00002ee5      0xc48 ./Libraries/STM32F4xx_StdPeriph_Driver/src/stm32f4xx_rtc.o
 .debug_loc     0x00003b2d      0x144 ./Libraries/STM32F4xx_StdPeriph_Driver/src/stm32f4xx_syscfg.o
 .debug_loc     0x00003c71     0x1420 ./Libraries/STM32F4xx_StdPeriph_Driver/src/stm32f4xx_tim.o
 .debug_loc     0x00005091       0x70 ./Application/Module/Timers/Timers.o
 .debug_loc     0x00005101       0xaa ./Application/Module/TempMeasurement/ADC_Driver.o
 .debug_loc     0x000051ab      0x1c6 ./Application/Module/Flash/Flash.o

.debug_aranges  0x00000000      0x2e8
 .debug_aranges
                0x00000000       0x20 ./src/inputs.o
 .debug_aranges
                0x00000020       0x20 ./src/lcd.o
 .debug_aranges
                0x00000040       0x20 ./src/main.o
 .debug_aranges
                0x00000060       0x20 ./src/outputs.o
 .debug_aranges
                0x00000080       0x20 ./src/rtc.o
 .debug_aranges
                0x000000a0       0x28 ./src/startup_stm32f4xx.o
 .debug_aranges
                0x000000c8       0x20 ./src/stm32f4_discovery.o
 .debug_aranges
                0x000000e8       0x20 ./src/stm32f4xx_it.o
 .debug_aranges
                0x00000108       0x20 ./src/system_stm32f4xx.o
 .debug_aranges
                0x00000128       0x20 ./Libraries/STM32F4xx_StdPeriph_Driver/src/misc.o
 .debug_aranges
                0x00000148       0x20 ./Libraries/STM32F4xx_StdPeriph_Driver/src/stm32f4xx_adc.o
 .debug_aranges
                0x00000168       0x20 ./Libraries/STM32F4xx_StdPeriph_Driver/src/stm32f4xx_dma.o
 .debug_aranges
                0x00000188       0x20 ./Libraries/STM32F4xx_StdPeriph_Driver/src/stm32f4xx_exti.o
 .debug_aranges
                0x000001a8       0x20 ./Libraries/STM32F4xx_StdPeriph_Driver/src/stm32f4xx_flash.o
 .debug_aranges
                0x000001c8       0x20 ./Libraries/STM32F4xx_StdPeriph_Driver/src/stm32f4xx_gpio.o
 .debug_aranges
                0x000001e8       0x20 ./Libraries/STM32F4xx_StdPeriph_Driver/src/stm32f4xx_pwr.o
 .debug_aranges
                0x00000208       0x20 ./Libraries/STM32F4xx_StdPeriph_Driver/src/stm32f4xx_rcc.o
 .debug_aranges
                0x00000228       0x20 ./Libraries/STM32F4xx_StdPeriph_Driver/src/stm32f4xx_rtc.o
 .debug_aranges
                0x00000248       0x20 ./Libraries/STM32F4xx_StdPeriph_Driver/src/stm32f4xx_syscfg.o
 .debug_aranges
                0x00000268       0x20 ./Libraries/STM32F4xx_StdPeriph_Driver/src/stm32f4xx_tim.o
 .debug_aranges
                0x00000288       0x20 ./Application/Module/Timers/Timers.o
 .debug_aranges
                0x000002a8       0x20 ./Application/Module/TempMeasurement/ADC_Driver.o
 .debug_aranges
                0x000002c8       0x20 ./Application/Module/Flash/Flash.o

.debug_macro    0x00000000     0xf00e
 .debug_macro   0x00000000       0xd1 ./src/inputs.o
 .debug_macro   0x000000d1      0x820 ./src/inputs.o
 .debug_macro   0x000008f1       0x5d ./src/inputs.o
 .debug_macro   0x0000094e       0x35 ./src/inputs.o
 .debug_macro   0x00000983      0x214 ./src/inputs.o
 .debug_macro   0x00000b97       0x18 ./src/inputs.o
 .debug_macro   0x00000baf       0x42 ./src/inputs.o
 .debug_macro   0x00000bf1      0x8cb ./src/inputs.o
 .debug_macro   0x000014bc     0x8057 ./src/inputs.o
 .debug_macro   0x00009513       0xa6 ./src/inputs.o
 .debug_macro   0x000095b9      0x265 ./src/inputs.o
 .debug_macro   0x0000981e      0x538 ./src/inputs.o
 .debug_macro   0x00009d56       0xdf ./src/inputs.o
 .debug_macro   0x00009e35      0x73b ./src/inputs.o
 .debug_macro   0x0000a570       0x7f ./src/inputs.o
 .debug_macro   0x0000a5ef       0x35 ./src/inputs.o
 .debug_macro   0x0000a624       0x2e ./src/inputs.o
 .debug_macro   0x0000a652       0xd1 ./src/lcd.o
 .debug_macro   0x0000a723       0x9a ./src/lcd.o
 .debug_macro   0x0000a7bd      0x11c ./src/main.o
 .debug_macro   0x0000a8d9       0x88 ./src/main.o
 .debug_macro   0x0000a961       0xa0 ./src/main.o
 .debug_macro   0x0000aa01       0x9a ./src/main.o
 .debug_macro   0x0000aa9b       0x34 ./src/main.o
 .debug_macro   0x0000aacf       0x9a ./src/main.o
 .debug_macro   0x0000ab69       0x10 ./src/main.o
 .debug_macro   0x0000ab79      0x57a ./src/main.o
 .debug_macro   0x0000b0f3       0x10 ./src/main.o
 .debug_macro   0x0000b103       0x1c ./src/main.o
 .debug_macro   0x0000b11f       0x6a ./src/main.o
 .debug_macro   0x0000b189       0xd1 ./src/outputs.o
 .debug_macro   0x0000b25a       0x94 ./src/outputs.o
 .debug_macro   0x0000b2ee       0xdd ./src/rtc.o
 .debug_macro   0x0000b3cb       0xd1 ./src/stm32f4_discovery.o
 .debug_macro   0x0000b49c       0x82 ./src/stm32f4_discovery.o
 .debug_macro   0x0000b51e      0x10b ./src/stm32f4xx_it.o
 .debug_macro   0x0000b629       0xe5 ./src/system_stm32f4xx.o
 .debug_macro   0x0000b70e       0xd2 ./Libraries/STM32F4xx_StdPeriph_Driver/src/misc.o
 .debug_macro   0x0000b7e0       0x79 ./Libraries/STM32F4xx_StdPeriph_Driver/src/misc.o
 .debug_macro   0x0000b859      0x158 ./Libraries/STM32F4xx_StdPeriph_Driver/src/stm32f4xx_adc.o
 .debug_macro   0x0000b9b1      0x44e ./Libraries/STM32F4xx_StdPeriph_Driver/src/stm32f4xx_adc.o
 .debug_macro   0x0000bdff      0x125 ./Libraries/STM32F4xx_StdPeriph_Driver/src/stm32f4xx_dma.o
 .debug_macro   0x0000bf24      0x471 ./Libraries/STM32F4xx_StdPeriph_Driver/src/stm32f4xx_dma.o
 .debug_macro   0x0000c395       0xd2 ./Libraries/STM32F4xx_StdPeriph_Driver/src/stm32f4xx_exti.o
 .debug_macro   0x0000c467      0x25f ./Libraries/STM32F4xx_StdPeriph_Driver/src/stm32f4xx_exti.o
 .debug_macro   0x0000c6c6       0xd7 ./Libraries/STM32F4xx_StdPeriph_Driver/src/stm32f4xx_flash.o
 .debug_macro   0x0000c79d      0x23b ./Libraries/STM32F4xx_StdPeriph_Driver/src/stm32f4xx_flash.o
 .debug_macro   0x0000c9d8       0xcc ./Libraries/STM32F4xx_StdPeriph_Driver/src/stm32f4xx_gpio.o
 .debug_macro   0x0000caa4      0x137 ./Libraries/STM32F4xx_StdPeriph_Driver/src/stm32f4xx_pwr.o
 .debug_macro   0x0000cbdb       0xa0 ./Libraries/STM32F4xx_StdPeriph_Driver/src/stm32f4xx_pwr.o
 .debug_macro   0x0000cc7b      0x174 ./Libraries/STM32F4xx_StdPeriph_Driver/src/stm32f4xx_rcc.o
 .debug_macro   0x0000cdef      0x532 ./Libraries/STM32F4xx_StdPeriph_Driver/src/stm32f4xx_rcc.o
 .debug_macro   0x0000d321      0x111 ./Libraries/STM32F4xx_StdPeriph_Driver/src/stm32f4xx_rtc.o
 .debug_macro   0x0000d432      0x574 ./Libraries/STM32F4xx_StdPeriph_Driver/src/stm32f4xx_rtc.o
 .debug_macro   0x0000d9a6       0xf6 ./Libraries/STM32F4xx_StdPeriph_Driver/src/stm32f4xx_syscfg.o
 .debug_macro   0x0000da9c       0xd9 ./Libraries/STM32F4xx_StdPeriph_Driver/src/stm32f4xx_syscfg.o
 .debug_macro   0x0000db75       0xf6 ./Libraries/STM32F4xx_StdPeriph_Driver/src/stm32f4xx_tim.o
 .debug_macro   0x0000dc6b      0x735 ./Libraries/STM32F4xx_StdPeriph_Driver/src/stm32f4xx_tim.o
 .debug_macro   0x0000e3a0       0xf8 ./Application/Module/Timers/Timers.o
 .debug_macro   0x0000e498      0x454 ./Application/Module/Timers/Timers.o
 .debug_macro   0x0000e8ec       0x6a ./Application/Module/Timers/Timers.o
 .debug_macro   0x0000e956       0xec ./Application/Module/TempMeasurement/ADC_Driver.o
 .debug_macro   0x0000ea42      0x477 ./Application/Module/TempMeasurement/ADC_Driver.o
 .debug_macro   0x0000eeb9       0xf1 ./Application/Module/Flash/Flash.o
 .debug_macro   0x0000efaa       0x64 ./Application/Module/Flash/Flash.o

.debug_line     0x00000000     0x6a05
 .debug_line    0x00000000      0x384 ./src/inputs.o
 .debug_line    0x00000384      0x4ef ./src/lcd.o
 .debug_line    0x00000873      0xb57 ./src/main.o
 .debug_line    0x000013ca      0x389 ./src/outputs.o
 .debug_line    0x00001753      0x39f ./src/rtc.o
 .debug_line    0x00001af2       0x77 ./src/startup_stm32f4xx.o
 .debug_line    0x00001b69      0x386 ./src/stm32f4_discovery.o
 .debug_line    0x00001eef      0x535 ./src/stm32f4xx_it.o
 .debug_line    0x00002424      0x390 ./src/system_stm32f4xx.o
 .debug_line    0x000027b4      0x37c ./Libraries/STM32F4xx_StdPeriph_Driver/src/misc.o
 .debug_line    0x00002b30      0x4e1 ./Libraries/STM32F4xx_StdPeriph_Driver/src/stm32f4xx_adc.o
 .debug_line    0x00003011      0x46c ./Libraries/STM32F4xx_StdPeriph_Driver/src/stm32f4xx_dma.o
 .debug_line    0x0000347d      0x3ab ./Libraries/STM32F4xx_StdPeriph_Driver/src/stm32f4xx_exti.o
 .debug_line    0x00003828      0x481 ./Libraries/STM32F4xx_StdPeriph_Driver/src/stm32f4xx_flash.o
 .debug_line    0x00003ca9      0x3f3 ./Libraries/STM32F4xx_StdPeriph_Driver/src/stm32f4xx_gpio.o
 .debug_line    0x0000409c      0x3d7 ./Libraries/STM32F4xx_StdPeriph_Driver/src/stm32f4xx_pwr.o
 .debug_line    0x00004473      0x4cb ./Libraries/STM32F4xx_StdPeriph_Driver/src/stm32f4xx_rcc.o
 .debug_line    0x0000493e      0x6a5 ./Libraries/STM32F4xx_StdPeriph_Driver/src/stm32f4xx_rtc.o
 .debug_line    0x00004fe3      0x383 ./Libraries/STM32F4xx_StdPeriph_Driver/src/stm32f4xx_syscfg.o
 .debug_line    0x00005366      0x736 ./Libraries/STM32F4xx_StdPeriph_Driver/src/stm32f4xx_tim.o
 .debug_line    0x00005a9c      0x45f ./Application/Module/Timers/Timers.o
 .debug_line    0x00005efb      0x3e9 ./Application/Module/TempMeasurement/ADC_Driver.o
 .debug_line    0x000062e4      0x721 ./Application/Module/Flash/Flash.o

.debug_str      0x00000000    0x4e7ec
 .debug_str     0x00000000    0x3dcfe ./src/inputs.o
                              0x3ddcb (size before relaxing)
 .debug_str     0x0003dcfe      0x36b ./src/lcd.o
                              0x3da12 (size before relaxing)
 .debug_str     0x0003e069     0x485b ./src/main.o
                              0x42228 (size before relaxing)
 .debug_str     0x000428c4       0x42 ./src/outputs.o
                              0x3d95a (size before relaxing)
 .debug_str     0x00042906       0x7e ./src/rtc.o
                              0x41733 (size before relaxing)
 .debug_str     0x00042984      0x143 ./src/stm32f4_discovery.o
                              0x3e0ea (size before relaxing)
 .debug_str     0x00042ac7      0x1ef ./src/stm32f4xx_it.o
                              0x41b25 (size before relaxing)
 .debug_str     0x00042cb6      0x235 ./src/system_stm32f4xx.o
                              0x3d73f (size before relaxing)
 .debug_str     0x00042eeb      0x180 ./Libraries/STM32F4xx_StdPeriph_Driver/src/misc.o
                              0x3d780 (size before relaxing)
 .debug_str     0x0004306b     0x3ae2 ./Libraries/STM32F4xx_StdPeriph_Driver/src/stm32f4xx_adc.o
                              0x41025 (size before relaxing)
 .debug_str     0x00046b4d     0x330c ./Libraries/STM32F4xx_StdPeriph_Driver/src/stm32f4xx_dma.o
                              0x40858 (size before relaxing)
 .debug_str     0x00049e59      0x115 ./Libraries/STM32F4xx_StdPeriph_Driver/src/stm32f4xx_exti.o
                              0x3d70d (size before relaxing)
 .debug_str     0x00049f6e     0x1583 ./Libraries/STM32F4xx_StdPeriph_Driver/src/stm32f4xx_flash.o
                              0x3eb10 (size before relaxing)
 .debug_str     0x0004b4f1      0x18b ./Libraries/STM32F4xx_StdPeriph_Driver/src/stm32f4xx_gpio.o
                              0x3d820 (size before relaxing)
 .debug_str     0x0004b67c      0xa04 ./Libraries/STM32F4xx_StdPeriph_Driver/src/stm32f4xx_pwr.o
                              0x3dfb8 (size before relaxing)
 .debug_str     0x0004c080      0xa30 ./Libraries/STM32F4xx_StdPeriph_Driver/src/stm32f4xx_rcc.o
                              0x3e0a1 (size before relaxing)
 .debug_str     0x0004cab0      0x966 ./Libraries/STM32F4xx_StdPeriph_Driver/src/stm32f4xx_rtc.o
                              0x415b2 (size before relaxing)
 .debug_str     0x0004d416      0x2b6 ./Libraries/STM32F4xx_StdPeriph_Driver/src/stm32f4xx_syscfg.o
                              0x3d7dc (size before relaxing)
 .debug_str     0x0004d6cc      0xc39 ./Libraries/STM32F4xx_StdPeriph_Driver/src/stm32f4xx_tim.o
                              0x3e214 (size before relaxing)
 .debug_str     0x0004e305       0x92 ./Application/Module/Timers/Timers.o
                              0x4498c (size before relaxing)
 .debug_str     0x0004e397       0xc1 ./Application/Module/TempMeasurement/ADC_Driver.o
                              0x43ae4 (size before relaxing)
 .debug_str     0x0004e458      0x394 ./Application/Module/Flash/Flash.o
                              0x3f0aa (size before relaxing)

.comment        0x00000000       0x30
 .comment       0x00000000       0x30 ./src/inputs.o
                                 0x31 (size before relaxing)
 .comment       0x00000000       0x31 ./src/lcd.o
 .comment       0x00000000       0x31 ./src/main.o
 .comment       0x00000000       0x31 ./src/outputs.o
 .comment       0x00000000       0x31 ./src/rtc.o
 .comment       0x00000000       0x31 ./src/stm32f4_discovery.o
 .comment       0x00000000       0x31 ./src/stm32f4xx_it.o
 .comment       0x00000000       0x31 ./src/system_stm32f4xx.o
 .comment       0x00000000       0x31 ./Libraries/STM32F4xx_StdPeriph_Driver/src/misc.o
 .comment       0x00000000       0x31 ./Libraries/STM32F4xx_StdPeriph_Driver/src/stm32f4xx_adc.o
 .comment       0x00000000       0x31 ./Libraries/STM32F4xx_StdPeriph_Driver/src/stm32f4xx_dma.o
 .comment       0x00000000       0x31 ./Libraries/STM32F4xx_StdPeriph_Driver/src/stm32f4xx_exti.o
 .comment       0x00000000       0x31 ./Libraries/STM32F4xx_StdPeriph_Driver/src/stm32f4xx_flash.o
 .comment       0x00000000       0x31 ./Libraries/STM32F4xx_StdPeriph_Driver/src/stm32f4xx_gpio.o
 .comment       0x00000000       0x31 ./Libraries/STM32F4xx_StdPeriph_Driver/src/stm32f4xx_pwr.o
 .comment       0x00000000       0x31 ./Libraries/STM32F4xx_StdPeriph_Driver/src/stm32f4xx_rcc.o
 .comment       0x00000000       0x31 ./Libraries/STM32F4xx_StdPeriph_Driver/src/stm32f4xx_rtc.o
 .comment       0x00000000       0x31 ./Libraries/STM32F4xx_StdPeriph_Driver/src/stm32f4xx_syscfg.o
 .comment       0x00000000       0x31 ./Libraries/STM32F4xx_StdPeriph_Driver/src/stm32f4xx_tim.o
 .comment       0x00000000       0x31 ./Application/Module/Timers/Timers.o
 .comment       0x00000000       0x31 ./Application/Module/TempMeasurement/ADC_Driver.o
 .comment       0x00000000       0x31 ./Application/Module/Flash/Flash.o

.debug_frame    0x00000000     0x2da0
 .debug_frame   0x00000000       0x30 ./src/inputs.o
 .debug_frame   0x00000030      0x160 ./src/lcd.o
 .debug_frame   0x00000190      0x188 ./src/main.o
 .debug_frame   0x00000318       0x70 ./src/outputs.o
 .debug_frame   0x00000388       0x30 ./src/rtc.o
 .debug_frame   0x000003b8       0xc4 ./src/stm32f4_discovery.o
 .debug_frame   0x0000047c      0x1f4 ./src/stm32f4xx_it.o
 .debug_frame   0x00000670       0x64 ./src/system_stm32f4xx.o
 .debug_frame   0x000006d4       0x9c ./Libraries/STM32F4xx_StdPeriph_Driver/src/misc.o
 .debug_frame   0x00000770      0x438 ./Libraries/STM32F4xx_StdPeriph_Driver/src/stm32f4xx_adc.o
 .debug_frame   0x00000ba8      0x224 ./Libraries/STM32F4xx_StdPeriph_Driver/src/stm32f4xx_dma.o
 .debug_frame   0x00000dcc       0xf0 ./Libraries/STM32F4xx_StdPeriph_Driver/src/stm32f4xx_exti.o
 .debug_frame   0x00000ebc      0x384 ./Libraries/STM32F4xx_StdPeriph_Driver/src/stm32f4xx_flash.o
 .debug_frame   0x00001240      0x19c ./Libraries/STM32F4xx_StdPeriph_Driver/src/stm32f4xx_gpio.o
 .debug_frame   0x000013dc      0x160 ./Libraries/STM32F4xx_StdPeriph_Driver/src/stm32f4xx_pwr.o
 .debug_frame   0x0000153c      0x4e4 ./Libraries/STM32F4xx_StdPeriph_Driver/src/stm32f4xx_rcc.o
 .debug_frame   0x00001a20      0x68c ./Libraries/STM32F4xx_StdPeriph_Driver/src/stm32f4xx_rtc.o
 .debug_frame   0x000020ac       0xbc ./Libraries/STM32F4xx_StdPeriph_Driver/src/stm32f4xx_syscfg.o
 .debug_frame   0x00002168      0xa3c ./Libraries/STM32F4xx_StdPeriph_Driver/src/stm32f4xx_tim.o
 .debug_frame   0x00002ba4       0x54 ./Application/Module/Timers/Timers.o
 .debug_frame   0x00002bf8       0x70 ./Application/Module/TempMeasurement/ADC_Driver.o
 .debug_frame   0x00002c68      0x10c ./Application/Module/Flash/Flash.o
 .debug_frame   0x00002d74       0x2c c:/program files (x86)/codesourcery/sourcery_codebench_lite_for_arm_eabi/bin/../lib/gcc/arm-none-eabi/4.7.2/../../../../arm-none-eabi/lib/thumb2\libc.a(lib_a-init.o)

.debug_ranges   0x00000000       0x20
 .debug_ranges  0x00000000       0x20 ./src/startup_stm32f4xx.o
